// Jest Snapshot v1, https://goo.gl/fbAQLP

exports[`Header Component Should Render Header Component 1`] = `
"<header id=\\"home\\" style={{...}}>
  <h1>
    <span className=\\"dropCap\\">
      P
    </span>
    rayer 
    <span className=\\"dropCap\\">
      R
    </span>
    equest 
    <span className=\\"dropCap\\">
      N
    </span>
    etwork
  </h1>
  <section className=\\"content\\">
    <LeaveARequest />
  </section>
</header>"
`;
