// Jest Snapshot v1, https://goo.gl/fbAQLP

exports[`Header Component Should Render Header Component 1`] = `
ShallowWrapper {
  Symbol(enzyme.__root__): [Circular],
  Symbol(enzyme.__unrendered__): <Header />,
  Symbol(enzyme.__renderer__): Object {
    "batchedUpdates": [Function],
    "checkPropTypes": [Function],
    "getNode": [Function],
    "render": [Function],
    "simulateError": [Function],
    "simulateEvent": [Function],
    "unmount": [Function],
  },
  Symbol(enzyme.__node__): Object {
    "instance": null,
    "key": undefined,
    "nodeType": "host",
    "props": Object {
      "children": Array [
        <h1>
          <span
            className="dropCap"
          >
            P
          </span>
          rayer 
          <span
            className="dropCap"
          >
            R
          </span>
          equest 
          <span
            className="dropCap"
          >
            N
          </span>
          etwork
        </h1>,
        <section
          className="content"
        >
          <LeaveARequest />
        </section>,
      ],
      "id": "home",
      "style": Object {
        "backgroundImage": "url(edwin-andrade-158050-unsplash.jpg)",
      },
    },
    "ref": null,
    "rendered": Array [
      Object {
        "instance": null,
        "key": undefined,
        "nodeType": "host",
        "props": Object {
          "children": Array [
            <span
              className="dropCap"
            >
              P
            </span>,
            "rayer ",
            <span
              className="dropCap"
            >
              R
            </span>,
            "equest ",
            <span
              className="dropCap"
            >
              N
            </span>,
            "etwork",
          ],
        },
        "ref": null,
        "rendered": Array [
          Object {
            "instance": null,
            "key": undefined,
            "nodeType": "host",
            "props": Object {
              "children": "P",
              "className": "dropCap",
            },
            "ref": null,
            "rendered": "P",
            "type": "span",
          },
          "rayer ",
          Object {
            "instance": null,
            "key": undefined,
            "nodeType": "host",
            "props": Object {
              "children": "R",
              "className": "dropCap",
            },
            "ref": null,
            "rendered": "R",
            "type": "span",
          },
          "equest ",
          Object {
            "instance": null,
            "key": undefined,
            "nodeType": "host",
            "props": Object {
              "children": "N",
              "className": "dropCap",
            },
            "ref": null,
            "rendered": "N",
            "type": "span",
          },
          "etwork",
        ],
        "type": "h1",
      },
      Object {
        "instance": null,
        "key": undefined,
        "nodeType": "host",
        "props": Object {
          "children": <LeaveARequest />,
          "className": "content",
        },
        "ref": null,
        "rendered": Object {
          "instance": null,
          "key": undefined,
          "nodeType": "class",
          "props": Object {},
          "ref": null,
          "rendered": null,
          "type": [Function],
        },
        "type": "section",
      },
    ],
    "type": "header",
  },
  Symbol(enzyme.__nodes__): Array [
    Object {
      "instance": null,
      "key": undefined,
      "nodeType": "host",
      "props": Object {
        "children": Array [
          <h1>
            <span
              className="dropCap"
            >
              P
            </span>
            rayer 
            <span
              className="dropCap"
            >
              R
            </span>
            equest 
            <span
              className="dropCap"
            >
              N
            </span>
            etwork
          </h1>,
          <section
            className="content"
          >
            <LeaveARequest />
          </section>,
        ],
        "id": "home",
        "style": Object {
          "backgroundImage": "url(edwin-andrade-158050-unsplash.jpg)",
        },
      },
      "ref": null,
      "rendered": Array [
        Object {
          "instance": null,
          "key": undefined,
          "nodeType": "host",
          "props": Object {
            "children": Array [
              <span
                className="dropCap"
              >
                P
              </span>,
              "rayer ",
              <span
                className="dropCap"
              >
                R
              </span>,
              "equest ",
              <span
                className="dropCap"
              >
                N
              </span>,
              "etwork",
            ],
          },
          "ref": null,
          "rendered": Array [
            Object {
              "instance": null,
              "key": undefined,
              "nodeType": "host",
              "props": Object {
                "children": "P",
                "className": "dropCap",
              },
              "ref": null,
              "rendered": "P",
              "type": "span",
            },
            "rayer ",
            Object {
              "instance": null,
              "key": undefined,
              "nodeType": "host",
              "props": Object {
                "children": "R",
                "className": "dropCap",
              },
              "ref": null,
              "rendered": "R",
              "type": "span",
            },
            "equest ",
            Object {
              "instance": null,
              "key": undefined,
              "nodeType": "host",
              "props": Object {
                "children": "N",
                "className": "dropCap",
              },
              "ref": null,
              "rendered": "N",
              "type": "span",
            },
            "etwork",
          ],
          "type": "h1",
        },
        Object {
          "instance": null,
          "key": undefined,
          "nodeType": "host",
          "props": Object {
            "children": <LeaveARequest />,
            "className": "content",
          },
          "ref": null,
          "rendered": Object {
            "instance": null,
            "key": undefined,
            "nodeType": "class",
            "props": Object {},
            "ref": null,
            "rendered": null,
            "type": [Function],
          },
          "type": "section",
        },
      ],
      "type": "header",
    },
  ],
  Symbol(enzyme.__options__): Object {
    "adapter": ReactSixteenAdapter {
      "options": Object {
        "enableComponentDidUpdateOnSetState": true,
        "legacyContextMode": "parent",
        "lifecycles": Object {
          "componentDidUpdate": Object {
            "onSetState": true,
          },
          "getChildContext": Object {
            "calledByRenderer": false,
          },
          "getDerivedStateFromError": true,
          "getDerivedStateFromProps": Object {
            "hasShouldComponentUpdateBug": false,
          },
          "getSnapshotBeforeUpdate": true,
          "setState": Object {
            "skipsComponentDidUpdateOnNullish": true,
          },
        },
      },
    },
    Symbol(enzyme.__providerValues__): undefined,
  },
  Symbol(enzyme.__providerValues__): Map {},
  Symbol(enzyme.__childContext__): null,
}
`;
